
> mbed-cloud-sdk@2.0.4 test:snippets /Users/alelog01/git/mbed-cloud-sdk-javascript
> jest --projects test/configs/snippets*.js "-t" "subTenant"

  console.log test/snippets/foundation/subTenant.ts:72
    [ { _discriminator: 'ACCOUNT',
        addressLine1: null,
        addressLine2: null,
        aliases: [ 'sdk_test_bob' ],
        city: null,
        company: null,
        contact: null,
        contractNumber: null,
        country: null,
        createdAt: '2018-08-31T13:15:38Z',
        customFields: null,
        customerNumber: null,
        displayName: 'sdk test bob',
        email: null,
        endMarket: 'connected warrens',
        expirationWarningThreshold: null,
        id: '0165901ff52056432e6bce2f00000000',
        idleTimeout: null,
        limits: null,
        mfaStatus: null,
        notificationEmails: null,
        parentAccount:
         { id: '01614134c62f0a580a0112d000000000',
           admin_name: null,
           admin_email: null },
        parentId: '01614134c62f0a580a0112d000000000',
        passwordPolicy: null,
        phoneNumber: null,
        policies: [],
        postalCode: null,
        reason: null,
        referenceNote: null,
        salesContact: null,
        state: null,
        status: 'ACTIVE',
        templateId: '00000000000000000000000000000001',
        tier: '98',
        updatedAt: null,
        upgradedAt: '2018-08-31T13:15:38Z' },
      { _discriminator: 'ACCOUNT',
        addressLine1: null,
        addressLine2: null,
        aliases: [ 'sdk_test_bob_4360547' ],
        city: null,
        company: null,
        contact: null,
        contractNumber: null,
        country: null,
        createdAt: '2018-08-31T13:20:59Z',
        customFields: null,
        customerNumber: null,
        displayName: 'sdk test bob',
        email: null,
        endMarket: 'connected warrens',
        expirationWarningThreshold: null,
        id: '01659024dd1956432e6bce2f00000000',
        idleTimeout: null,
        limits: null,
        mfaStatus: null,
        notificationEmails: null,
        parentAccount:
         { id: '01614134c62f0a580a0112d000000000',
           admin_name: null,
           admin_email: null },
        parentId: '01614134c62f0a580a0112d000000000',
        passwordPolicy: null,
        phoneNumber: null,
        policies: [],
        postalCode: null,
        reason: null,
        referenceNote: null,
        salesContact: null,
        state: null,
        status: 'ACTIVE',
        templateId: '00000000000000000000000000000001',
        tier: '98',
        updatedAt: null,
        upgradedAt: '2018-08-31T13:20:59Z' },
      { _discriminator: 'ACCOUNT',
        addressLine1: null,
        addressLine2: null,
        aliases: [ 'sdk_test_bob_8280691' ],
        city: null,
        company: null,
        contact: null,
        contractNumber: null,
        country: null,
        createdAt: '2018-08-31T13:38:05Z',
        customFields: null,
        customerNumber: null,
        displayName: 'sdk test bob',
        email: null,
        endMarket: 'connected warrens',
        expirationWarningThreshold: null,
        id: '0165903482e556432e6bce2f00000000',
        idleTimeout: null,
        limits: null,
        mfaStatus: null,
        notificationEmails: null,
        parentAccount:
         { id: '01614134c62f0a580a0112d000000000',
           admin_name: null,
           admin_email: null },
        parentId: '01614134c62f0a580a0112d000000000',
        passwordPolicy: null,
        phoneNumber: null,
        policies: [],
        postalCode: null,
        reason: null,
        referenceNote: null,
        salesContact: null,
        state: null,
        status: 'ACTIVE',
        templateId: '00000000000000000000000000000001',
        tier: '98',
        updatedAt: null,
        upgradedAt: '2018-08-31T13:38:05Z' },
      { _discriminator: 'ACCOUNT',
        addressLine1: null,
        addressLine2: null,
        aliases: [ 'sdk_test_bob_7220071' ],
        city: null,
        company: null,
        contact: null,
        contractNumber: null,
        country: null,
        createdAt: '2018-08-31T13:38:48Z',
        customFields: null,
        customerNumber: null,
        displayName: 'sdk test bob',
        email: null,
        endMarket: 'connected warrens',
        expirationWarningThreshold: null,
        id: '016590352bab56432e6bce2f00000000',
        idleTimeout: null,
        limits: null,
        mfaStatus: null,
        notificationEmails: null,
        parentAccount:
         { id: '01614134c62f0a580a0112d000000000',
           admin_name: null,
           admin_email: null },
        parentId: '01614134c62f0a580a0112d000000000',
        passwordPolicy: null,
        phoneNumber: null,
        policies: [],
        postalCode: null,
        reason: null,
        referenceNote: null,
        salesContact: null,
        state: null,
        status: 'ACTIVE',
        templateId: '00000000000000000000000000000001',
        tier: '98',
        updatedAt: null,
        upgradedAt: '2018-08-31T13:38:48Z' },
      { _discriminator: 'ACCOUNT',
        addressLine1: null,
        addressLine2: null,
        aliases: [ 'sdk_test_bob_5827842' ],
        city: null,
        company: null,
        contact: null,
        contractNumber: null,
        country: null,
        createdAt: '2018-08-31T13:39:23Z',
        customFields: null,
        customerNumber: null,
        displayName: 'sdk test bob',
        email: null,
        endMarket: 'connected warrens',
        expirationWarningThreshold: null,
        id: '01659035b6b156432e6bce2f00000000',
        idleTimeout: null,
        limits: null,
        mfaStatus: null,
        notificationEmails: null,
        parentAccount:
         { id: '01614134c62f0a580a0112d000000000',
           admin_name: null,
           admin_email: null },
        parentId: '01614134c62f0a580a0112d000000000',
        passwordPolicy: null,
        phoneNumber: null,
        policies: [],
        postalCode: null,
        reason: null,
        referenceNote: null,
        salesContact: null,
        state: null,
        status: 'ACTIVE',
        templateId: '00000000000000000000000000000001',
        tier: '98',
        updatedAt: null,
        upgradedAt: '2018-08-31T13:39:23Z' },
      { _discriminator: 'ACCOUNT',
        addressLine1: null,
        addressLine2: null,
        aliases: [ 'sdk_test_bob_6052335' ],
        city: null,
        company: null,
        contact: null,
        contractNumber: null,
        country: null,
        createdAt: '2018-08-31T13:40:30Z',
        customFields: null,
        customerNumber: null,
        displayName: 'sdk test bob',
        email: null,
        endMarket: 'connected warrens',
        expirationWarningThreshold: null,
        id: '01659036b99b56432e6bce2f00000000',
        idleTimeout: null,
        limits: null,
        mfaStatus: null,
        notificationEmails: null,
        parentAccount:
         { id: '01614134c62f0a580a0112d000000000',
           admin_name: null,
           admin_email: null },
        parentId: '01614134c62f0a580a0112d000000000',
        passwordPolicy: null,
        phoneNumber: null,
        policies: [],
        postalCode: null,
        reason: null,
        referenceNote: null,
        salesContact: null,
        state: null,
        status: 'ACTIVE',
        templateId: '00000000000000000000000000000001',
        tier: '98',
        updatedAt: null,
        upgradedAt: '2018-08-31T13:40:30Z' },
      { _discriminator: 'ACCOUNT',
        addressLine1: null,
        addressLine2: null,
        aliases: [ 'sdk_test_bob_6030356' ],
        city: null,
        company: null,
        contact: null,
        contractNumber: null,
        country: null,
        createdAt: '2018-08-31T13:41:16Z',
        customFields: null,
        customerNumber: null,
        displayName: 'sdk test bob',
        email: null,
        endMarket: 'connected warrens',
        expirationWarningThreshold: null,
        id: '016590376cd1069c52bf232200000000',
        idleTimeout: null,
        limits: null,
        mfaStatus: null,
        notificationEmails: null,
        parentAccount:
         { id: '01614134c62f0a580a0112d000000000',
           admin_name: null,
           admin_email: null },
        parentId: '01614134c62f0a580a0112d000000000',
        passwordPolicy: null,
        phoneNumber: null,
        policies: [],
        postalCode: null,
        reason: null,
        referenceNote: null,
        salesContact: null,
        state: null,
        status: 'ACTIVE',
        templateId: '00000000000000000000000000000001',
        tier: '98',
        updatedAt: null,
        upgradedAt: '2018-08-31T13:41:16Z' },
      { _discriminator: 'ACCOUNT',
        addressLine1: null,
        addressLine2: null,
        aliases: [ 'sdk_test_bob_3012819' ],
        city: null,
        company: null,
        contact: null,
        contractNumber: null,
        country: null,
        createdAt: '2018-08-31T13:42:19Z',
        customFields: null,
        customerNumber: null,
        displayName: 'sdk test bob',
        email: null,
        endMarket: 'connected warrens',
        expirationWarningThreshold: null,
        id: '0165903863b556432e6bce2f00000000',
        idleTimeout: null,
        limits: null,
        mfaStatus: null,
        notificationEmails: null,
        parentAccount:
         { id: '01614134c62f0a580a0112d000000000',
           admin_name: null,
           admin_email: null },
        parentId: '01614134c62f0a580a0112d000000000',
        passwordPolicy: null,
        phoneNumber: null,
        policies: [],
        postalCode: null,
        reason: null,
        referenceNote: null,
        salesContact: null,
        state: null,
        status: 'ACTIVE',
        templateId: '00000000000000000000000000000001',
        tier: '98',
        updatedAt: null,
        upgradedAt: '2018-08-31T13:42:19Z' },
      { _discriminator: 'ACCOUNT',
        addressLine1: null,
        addressLine2: null,
        aliases: [ 'sdk_test_bob_6781309' ],
        city: null,
        company: null,
        contact: null,
        contractNumber: null,
        country: null,
        createdAt: '2018-08-31T13:42:56Z',
        customFields: null,
        customerNumber: null,
        displayName: 'sdk test bob',
        email: null,
        endMarket: 'connected warrens',
        expirationWarningThreshold: null,
        id: '01659038f4e3069c52bf232200000000',
        idleTimeout: null,
        limits: null,
        mfaStatus: null,
        notificationEmails: null,
        parentAccount:
         { id: '01614134c62f0a580a0112d000000000',
           admin_name: null,
           admin_email: null },
        parentId: '01614134c62f0a580a0112d000000000',
        passwordPolicy: null,
        phoneNumber: null,
        policies: [],
        postalCode: null,
        reason: null,
        referenceNote: null,
        salesContact: null,
        state: null,
        status: 'ACTIVE',
        templateId: '00000000000000000000000000000001',
        tier: '98',
        updatedAt: null,
        upgradedAt: '2018-08-31T13:42:56Z' },
      { _discriminator: 'ACCOUNT',
        addressLine1: null,
        addressLine2: null,
        aliases: [ 'sdk_test_dan_MFL9REPPYPVO569Q' ],
        city: null,
        company: null,
        contact: null,
        contractNumber: null,
        country: null,
        createdAt: '2018-09-07T09:26:03Z',
        customFields: null,
        customerNumber: null,
        displayName: 'sdk test dan',
        email: null,
        endMarket: 'connected warrens',
        expirationWarningThreshold: null,
        id: '0165b35a4bc946a3cf848d2400000000',
        idleTimeout: null,
        limits: null,
        mfaStatus: null,
        notificationEmails: null,
        parentAccount:
         { id: '01614134c62f0a580a0112d000000000',
           admin_name: null,
           admin_email: null },
        parentId: '01614134c62f0a580a0112d000000000',
        passwordPolicy: null,
        phoneNumber: null,
        policies: [],
        postalCode: null,
        reason: null,
        referenceNote: null,
        salesContact: null,
        state: null,
        status: 'ACTIVE',
        templateId: '00000000000000000000000000000001',
        tier: '98',
        updatedAt: null,
        upgradedAt: '2018-09-07T09:26:03Z' },
      { _discriminator: 'ACCOUNT',
        addressLine1: null,
        addressLine2: null,
        aliases: [ 'sdk_test_dan_JKF7G6GC2X8KOL08' ],
        city: null,
        company: null,
        contact: null,
        contractNumber: null,
        country: null,
        createdAt: '2018-09-07T09:26:39Z',
        customFields: null,
        customerNumber: null,
        displayName: 'sdk test dan',
        email: null,
        endMarket: 'connected warrens',
        expirationWarningThreshold: null,
        id: '0165b35ad721bee556efa0b700000000',
        idleTimeout: null,
        limits: null,
        mfaStatus: null,
        notificationEmails: null,
        parentAccount:
         { id: '01614134c62f0a580a0112d000000000',
           admin_name: null,
           admin_email: null },
        parentId: '01614134c62f0a580a0112d000000000',
        passwordPolicy: null,
        phoneNumber: null,
        policies: [],
        postalCode: null,
        reason: null,
        referenceNote: null,
        salesContact: null,
        state: null,
        status: 'ACTIVE',
        templateId: '00000000000000000000000000000001',
        tier: '98',
        updatedAt: null,
        upgradedAt: '2018-09-07T09:26:39Z' },
      { _discriminator: 'ACCOUNT',
        addressLine1: null,
        addressLine2: null,
        aliases: [ 'sdk_test_dan_Q3VZVYMRN55DUKZ0' ],
        city: null,
        company: null,
        contact: null,
        contractNumber: null,
        country: null,
        createdAt: '2018-09-07T09:28:23Z',
        customFields: null,
        customerNumber: null,
        displayName: 'sdk test dan',
        email: null,
        endMarket: 'connected warrens',
        expirationWarningThreshold: null,
        id: '0165b35c6d5d46a3cf848d2400000000',
        idleTimeout: null,
        limits: null,
        mfaStatus: null,
        notificationEmails: null,
        parentAccount:
         { id: '01614134c62f0a580a0112d000000000',
           admin_name: null,
           admin_email: null },
        parentId: '01614134c62f0a580a0112d000000000',
        passwordPolicy: null,
        phoneNumber: null,
        policies: [],
        postalCode: null,
        reason: null,
        referenceNote: null,
        salesContact: null,
        state: null,
        status: 'ACTIVE',
        templateId: '00000000000000000000000000000001',
        tier: '98',
        updatedAt: null,
        upgradedAt: '2018-09-07T09:28:23Z' },
      { _discriminator: 'ACCOUNT',
        addressLine1: null,
        addressLine2: null,
        aliases: [],
        city: null,
        company: null,
        contact: null,
        contractNumber: null,
        country: null,
        createdAt: '2018-09-21T15:33:27Z',
        customFields: null,
        customerNumber: null,
        displayName: 'sdk test dan',
        email: null,
        endMarket: 'connected warrens',
        expirationWarningThreshold: null,
        id: '0165fcc3b1176ef07b574bf700000000',
        idleTimeout: null,
        limits: null,
        mfaStatus: null,
        notificationEmails: null,
        parentAccount:
         { id: '01614134c62f0a580a0112d000000000',
           admin_name: null,
           admin_email: null },
        parentId: '01614134c62f0a580a0112d000000000',
        passwordPolicy: null,
        phoneNumber: null,
        policies: [],
        postalCode: null,
        reason: null,
        referenceNote: null,
        salesContact: null,
        state: null,
        status: 'ACTIVE',
        templateId: '00000000000000000000000000000001',
        tier: '98',
        updatedAt: null,
        upgradedAt: '2018-09-21T15:33:27Z' },
      { _discriminator: 'ACCOUNT',
        addressLine1: null,
        addressLine2: null,
        aliases: [],
        city: null,
        company: null,
        contact: null,
        contractNumber: null,
        country: null,
        createdAt: '2018-09-21T15:35:55Z',
        customFields: null,
        customerNumber: null,
        displayName: 'sdk test dan',
        email: null,
        endMarket: 'connected warrens',
        expirationWarningThreshold: null,
        id: '0165fcc5f2402ed5877c45d600000000',
        idleTimeout: null,
        limits: null,
        mfaStatus: null,
        notificationEmails: null,
        parentAccount:
         { id: '01614134c62f0a580a0112d000000000',
           admin_name: null,
           admin_email: null },
        parentId: '01614134c62f0a580a0112d000000000',
        passwordPolicy: null,
        phoneNumber: null,
        policies: [],
        postalCode: null,
        reason: null,
        referenceNote: null,
        salesContact: null,
        state: null,
        status: 'ACTIVE',
        templateId: '00000000000000000000000000000001',
        tier: '98',
        updatedAt: null,
        upgradedAt: '2018-09-21T15:35:55Z' },
      { _discriminator: 'ACCOUNT',
        addressLine1: null,
        addressLine2: null,
        aliases: [],
        city: null,
        company: null,
        contact: null,
        contractNumber: null,
        country: null,
        createdAt: '2018-09-21T15:47:29Z',
        customFields: null,
        customerNumber: null,
        displayName: 'sdk test dan',
        email: null,
        endMarket: 'connected warrens',
        expirationWarningThreshold: null,
        id: '0165fcd089886ef07b574bf700000000',
        idleTimeout: null,
        limits: null,
        mfaStatus: null,
        notificationEmails: null,
        parentAccount:
         { id: '01614134c62f0a580a0112d000000000',
           admin_name: null,
           admin_email: null },
        parentId: '01614134c62f0a580a0112d000000000',
        passwordPolicy: null,
        phoneNumber: null,
        policies: [],
        postalCode: null,
        reason: null,
        referenceNote: null,
        salesContact: null,
        state: null,
        status: 'ACTIVE',
        templateId: '00000000000000000000000000000001',
        tier: '98',
        updatedAt: null,
        upgradedAt: '2018-09-21T15:47:29Z' },
      { _discriminator: 'ACCOUNT',
        addressLine1: null,
        addressLine2: null,
        aliases: [],
        city: null,
        company: null,
        contact: null,
        contractNumber: null,
        country: null,
        createdAt: '2018-09-21T15:48:17Z',
        customFields: null,
        customerNumber: null,
        displayName: 'sdk test dan',
        email: null,
        endMarket: 'connected warrens',
        expirationWarningThreshold: null,
        id: '0165fcd142096ef07b574bf700000000',
        idleTimeout: null,
        limits: null,
        mfaStatus: null,
        notificationEmails: null,
        parentAccount:
         { id: '01614134c62f0a580a0112d000000000',
           admin_name: null,
           admin_email: null },
        parentId: '01614134c62f0a580a0112d000000000',
        passwordPolicy: null,
        phoneNumber: null,
        policies: [],
        postalCode: null,
        reason: null,
        referenceNote: null,
        salesContact: null,
        state: null,
        status: 'ACTIVE',
        templateId: '00000000000000000000000000000001',
        tier: '98',
        updatedAt: null,
        upgradedAt: '2018-09-21T15:48:17Z' },
      { _discriminator: 'ACCOUNT',
        addressLine1: null,
        addressLine2: null,
        aliases: [],
        city: null,
        company: null,
        contact: null,
        contractNumber: null,
        country: null,
        createdAt: '2018-09-21T16:08:50Z',
        customFields: null,
        customerNumber: null,
        displayName: 'sdk test dan',
        email: null,
        endMarket: 'connected warrens',
        expirationWarningThreshold: null,
        id: '0165fce415072ed5877c45d600000000',
        idleTimeout: null,
        limits: null,
        mfaStatus: null,
        notificationEmails: null,
        parentAccount:
         { id: '01614134c62f0a580a0112d000000000',
           admin_name: null,
           admin_email: null },
        parentId: '01614134c62f0a580a0112d000000000',
        passwordPolicy: null,
        phoneNumber: null,
        policies: [],
        postalCode: null,
        reason: null,
        referenceNote: null,
        salesContact: null,
        state: null,
        status: 'ACTIVE',
        templateId: '00000000000000000000000000000001',
        tier: '98',
        updatedAt: null,
        upgradedAt: '2018-09-21T16:08:50Z' },
      { _discriminator: 'ACCOUNT',
        addressLine1: null,
        addressLine2: null,
        aliases: [],
        city: null,
        company: null,
        contact: null,
        contractNumber: null,
        country: null,
        createdAt: '2018-09-24T08:34:10Z',
        customFields: null,
        customerNumber: null,
        displayName: 'sdk test dan',
        email: null,
        endMarket: 'connected warrens',
        expirationWarningThreshold: null,
        id: '01660ab6e4402ed5877c45d600000000',
        idleTimeout: null,
        limits: null,
        mfaStatus: null,
        notificationEmails: null,
        parentAccount:
         { id: '01614134c62f0a580a0112d000000000',
           admin_name: null,
           admin_email: null },
        parentId: '01614134c62f0a580a0112d000000000',
        passwordPolicy: null,
        phoneNumber: null,
        policies: [],
        postalCode: null,
        reason: null,
        referenceNote: null,
        salesContact: null,
        state: null,
        status: 'ACTIVE',
        templateId: '00000000000000000000000000000001',
        tier: '98',
        updatedAt: null,
        upgradedAt: '2018-09-24T08:34:10Z' },
      { _discriminator: 'ACCOUNT',
        addressLine1: null,
        addressLine2: null,
        aliases: [],
        city: null,
        company: null,
        contact: null,
        contractNumber: null,
        country: null,
        createdAt: '2018-09-27T13:03:29Z',
        customFields: null,
        customerNumber: null,
        displayName: 'sdk test dan',
        email: null,
        endMarket: 'connected warrens',
        expirationWarningThreshold: null,
        id: '01661b208af86ef07b574bf700000000',
        idleTimeout: null,
        limits: null,
        mfaStatus: null,
        notificationEmails: null,
        parentAccount:
         { id: '01614134c62f0a580a0112d000000000',
           admin_name: null,
           admin_email: null },
        parentId: '01614134c62f0a580a0112d000000000',
        passwordPolicy: null,
        phoneNumber: null,
        policies: [],
        postalCode: null,
        reason: null,
        referenceNote: null,
        salesContact: null,
        state: null,
        status: 'ACTIVE',
        templateId: '00000000000000000000000000000001',
        tier: '98',
        updatedAt: null,
        upgradedAt: '2018-09-27T13:03:29Z' },
      { _discriminator: 'ACCOUNT',
        addressLine1: null,
        addressLine2: null,
        aliases: [],
        city: null,
        company: null,
        contact: null,
        contractNumber: null,
        country: null,
        createdAt: '2018-09-27T16:25:20Z',
        customFields: null,
        customerNumber: null,
        displayName: 'sdk test dan',
        email: null,
        endMarket: 'connected warrens',
        expirationWarningThreshold: null,
        id: '01661bd956092ed5877c45d600000000',
        idleTimeout: null,
        limits: null,
        mfaStatus: null,
        notificationEmails: null,
        parentAccount:
         { id: '01614134c62f0a580a0112d000000000',
           admin_name: null,
           admin_email: null },
        parentId: '01614134c62f0a580a0112d000000000',
        passwordPolicy: null,
        phoneNumber: null,
        policies: [],
        postalCode: null,
        reason: null,
        referenceNote: null,
        salesContact: null,
        state: null,
        status: 'ACTIVE',
        templateId: '00000000000000000000000000000001',
        tier: '98',
        updatedAt: null,
        upgradedAt: '2018-09-27T16:25:20Z' } ]


=============================== Coverage summary ===============================
Statements   : 49.22% ( 691/1404 )
Branches     : 36.17% ( 102/282 )
Functions    : 20.83% ( 95/456 )
Lines        : 50.13% ( 579/1155 )
================================================================================
